[shopee.com.br/Kit-2-Gummy-Hair-Suplemento-Vitamina-Para-Cabelo-E-Unhas-Em-Goma-i.843263540.html]
[backblue.gif]
[fade.gif]
[index.html]
[deo.shopeemobile.com/shopee/shopee-mobilemall-live-sg/assets/icon_favicon_1_32.9cd61b2e90c0f104.png]
[deo.shopeemobile.com/shopee/shopee-mobilemall-live-sg/assets/icon_favicon_1_96.1ce0e05fc18a86e5.png]
[deo.shopeemobile.com/shopee/shopee-mobilemall-live-sg/assets/webpack-runtime.5a04fee6f0356a5a.2023.js]
[deo.shopeemobile.com/shopee/shopee-mobilemall-live-sg/assets/sfu-latest.dc9e406f9914cc09.2023.js]
[deo.shopeemobile.com/shopee/shopee-mobilemall-live-sg/assets/sfu-stable.16e5fe9710bc4aac.2023.js]
[deo.shopeemobile.com/shopee/shopee-mobilemall-live-sg/assets/entry-modules.1a13cd41fc7f8896.2023.js]
[deo.shopeemobile.com/shopee/shopee-mobilemall-live-sg/assets/bundle.a2287814a3b6e04c.2023.js]
[deo.shopeemobile.com/shopee/shopee-mobilemall-live-sg/assets/polyfill.d86e5ceef3caefa1.js]
[deo.shopeemobile.com/shopee/shopee-mobilemall-live-sg/assets/polyfill.7b130ff53107c239.js]
[deo.shopeemobile.com/shopee/shopee-mobilemall-live-sg/assets/polyfill.6d66a9f4abfc0453.js]
[deo.shopeemobile.com/shopee/shopee-mobilemall-live-sg/assets/polyfill.e91a033830f038f9.js]
[shopee.com.br/mobilemall-assets/assets/manifest.d08c13e4fd1bf1b5ddc5b7933dc779fa.json]
[deo.shopeemobile.com/shopee/shopee-mobilemall-live-sg/assets/ios_icon_120x120.9c9cd4366011639d86dcf03856866b39.png]
[deo.shopeemobile.com/shopee/shopee-mobilemall-live-sg/assets/ios_icon_180x180.350d4cdc7ba40b87541691005bda74c5.png]
[deo.shopeemobile.com/shopee/shopee-mobilemall-live-sg/assets/ios_splash_screen_640x1136.2c5cdee36e5b98ec3f795c6f9df4ffc8.png]
[deo.shopeemobile.com/shopee/shopee-mobilemall-live-sg/assets/ios_splash_screen_750x1334.f44e615f797f93e5634bc97d3961fd39.png]
[deo.shopeemobile.com/shopee/shopee-mobilemall-live-sg/assets/ios_splash_screen_1242x2208.f5dea1724656a489b28cf2b7369c6e89.png]
[deo.shopeemobile.com/shopee/shopee-mobilemall-live-sg/assets/ios_splash_screen_1125x2436.45aaf8f75c311170c80a8371bce20b86.png]
[deo.shopeemobile.com/shopee/shopee-mobilemall-live-sg/assets/ios_splash_screen_828x1792.b99baee59858233c9c96650b85a837a1.png]
[deo.shopeemobile.com/shopee/shopee-mobilemall-live-sg/assets/ios_splash_screen_1242x2688.3f0f9d4dcc66b0ef22fabd190b7b9347.png]
[deo.shopeemobile.com/shopee/shopee-mobilemall-live-sg/assets/ios_splash_screen_1080x2340.7f2707911dd441d0bc423e07da537b8c.png]
[deo.shopeemobile.com/shopee/shopee-mobilemall-live-sg/assets/ios_splash_screen_1170x2532.b1d301020489bed1fa6429238f52eb32.png]
[deo.shopeemobile.com/shopee/shopee-mobilemall-live-sg/assets/ios_splash_screen_1284x2778.8326886f1662ccbc99a3f6e25a545af8.png]
[deo.shopeemobile.com/shopee/modules-federation/live/0/shopee_common__currency/4.5.1.legacy.js]
[deo.shopeemobile.com/shopee/shopee-mobilemall-live-sg/buyerusermobiledefault/704.5c6ad570935df9c602cd.legacy.js]
[deo.shopeemobile.com/shopee/modules-federation/live/0/shopee__language/3.5.0.legacy.js]
[deo.shopeemobile.com/shopee/modules-federation/live/0/shopee__settings/3.4.0.legacy.js]
[deo.shopeemobile.com/shopee/modules-federation/live/0/shopee_common__currency/4.5.1.js]
[deo.shopeemobile.com/shopee/modules-federation/live/0/shopee__settings/3.4.0.js]
[deo.shopeemobile.com/shopee/modules-federation/live/0/shopee__domain/3.3.2.js]
[deo.shopeemobile.com/shopee/shopee-mobilemall-live-sg/antifraudivs/407.84d78b62afc6682d54f2.legacy.js]
[deo.shopeemobile.com/shopee/shopee-mobilemall-live-sg/antifraudivs/787.c2cf4b17538545c99176.legacy.js]
[deo.shopeemobile.com/shopee/shopee-mobilemall-live-sg/antifraudivs/718.bf37ff78f1378a673a63.legacy.js]
[deo.shopeemobile.com/shopee/shopee-mobilemall-live-sg/antifraudivs/226.31814b97e2754e5b3569.legacy.js]
[deo.shopeemobile.com/shopee/shopee-mobilemall-live-sg/antifraudivs/524.0e4747e736efd76de32d.legacy.js]
[deo.shopeemobile.com/shopee/shopee-mobilemall-live-sg/antifraudivs/741.6f38435c06fcde92c006.legacy.js]
[deo.shopeemobile.com/shopee/shopee-mobilemall-live-sg/antifraudivs/602.d6636e4932ad0869aa61.legacy.js]
[deo.shopeemobile.com/shopee/shopee-mobilemall-live-sg/antifraudivs/774.db23e3f3661b9b51475e.legacy.js]
[deo.shopeemobile.com/shopee/shopee-mobilemall-live-sg/antifraudivs/58.c2ddaa8e8242825bd94f.legacy.js]
[deo.shopeemobile.com/shopee/shopee-mobilemall-live-sg/antifraudivs/874.167f25ace791808ccd22.js]
[deo.shopeemobile.com/shopee/shopee-mobilemall-live-sg/antifraudivs/787.1943aefec9e38ca12310.js]
[deo.shopeemobile.com/shopee/shopee-mobilemall-live-sg/antifraudivs/718.a038a78303a81a16889c.js]
[deo.shopeemobile.com/shopee/shopee-mobilemall-live-sg/antifraudivs/226.37b33827c47717031d2c.js]
[deo.shopeemobile.com/shopee/shopee-mobilemall-live-sg/antifraudivs/524.823d07ca405eb67f7e0f.js]
[deo.shopeemobile.com/shopee/shopee-mobilemall-live-sg/antifraudivs/741.98f7b42e62112253d598.js]
[deo.shopeemobile.com/shopee/shopee-mobilemall-live-sg/antifraudivs/602.46086b102b2326a3fa90.js]
[deo.shopeemobile.com/shopee/shopee-mobilemall-live-sg/antifraudivs/774.5805a399ed212416589c.js]
[deo.shopeemobile.com/shopee/shopee-mobilemall-live-sg/antifraudivs/58.d64a308944f42a84789b.js]
[deo.shopeemobile.com/shopee/shopee-mobilemall-live-sg/antifraudivs/530.07bbc25fa6bdc0de3712.legacy.js]
[deo.shopeemobile.com/shopee/shopee-mobilemall-live-sg/antifraudivs/361.18a4aa2c675849bbc142.legacy.js]
[deo.shopeemobile.com/shopee/shopee-mobilemall-live-sg/antifraudivs/52.7a1bf148b40c0a917fae.js]
[deo.shopeemobile.com/shopee/shopee-mobilemall-live-sg/antifraudivs/361.c07ac5c6d546092f12a7.js]
[deo.shopeemobile.com/shopee/shopee-mobilemall-live-sg/antifraudivs/280.80a3722a06800728f9be.legacy.js]
[deo.shopeemobile.com/shopee/shopee-mobilemall-live-sg/antifraudivs/571.2fc36af4b345c433f243.legacy.js]
[deo.shopeemobile.com/shopee/shopee-mobilemall-live-sg/antifraudivs/706.77317caab24fa30e684b.legacy.js]
[deo.shopeemobile.com/shopee/shopee-mobilemall-live-sg/antifraudivs/280.5af460ccd161fb4c6b54.js]
[deo.shopeemobile.com/shopee/shopee-mobilemall-live-sg/antifraudivs/206.b202a98d808e5273ebbd.js]
[deo.shopeemobile.com/shopee/shopee-mobilemall-live-sg/buyernotimobiledefault/84.543ac38fddb8300ec512.legacy.js]
[deo.shopeemobile.com/shopee/shopee-mobilemall-live-sg/buyernotimobiledefault/329.afbd8c8d426fe78ef898.legacy.js]
[deo.shopeemobile.com/shopee/shopee-mobilemall-live-sg/buyernotimobiledefault/800.eb9324eb963863c7c8c6.legacy.js]
[deo.shopeemobile.com/shopee/shopee-mobilemall-live-sg/buyernotimobiledefault/971.7134d9fe988a4512b01f.js]
[deo.shopeemobile.com/shopee/shopee-mobilemall-live-sg/buyernotimobiledefault/329.1741505469acf59920b8.js]
[deo.shopeemobile.com/shopee/shopee-mobilemall-live-sg/buyerusermobiledefault/299.87d29e68d986f3dd5572.legacy.js]
[deo.shopeemobile.com/shopee/shopee-mobilemall-live-sg/buyerusermobiledefault/975.68f9b9105d1ad062e721.legacy.js]
[deo.shopeemobile.com/shopee/shopee-mobilemall-live-sg/buyerusermobiledefault/720.1e3a0542c2f3380ad021.legacy.js]
[deo.shopeemobile.com/shopee/shopee-mobilemall-live-sg/buyerusermobiledefault/769.1ee394295c52f6f369d8.legacy.js]
[deo.shopeemobile.com/shopee/shopee-mobilemall-live-sg/buyerusermobiledefault/299.35f6adef9cb1ec325c04.js]
[deo.shopeemobile.com/shopee/shopee-mobilemall-live-sg/buyerusermobiledefault/975.4449c8a149bd38bf37c4.js]
[deo.shopeemobile.com/shopee/shopee-mobilemall-live-sg/buyerusermobiledefault/704.1b0e1f5fedb182f6210c.js]
[deo.shopeemobile.com/shopee/shopee-mobilemall-live-sg/buyerusermobiledefault/720.64f47fe942a441a6c41e.js]
[deo.shopeemobile.com/shopee/shopee-mobilemall-live-sg/buyerusermobiledefault/769.14f9e85017ee2b94d0a3.js]
[deo.shopeemobile.com/shopee/shopee-mobilemall-live-sg/buyerusermobiledefault/943.ab9f9cfd5e2473c23a8c.legacy.js]
[deo.shopeemobile.com/shopee/shopee-mobilemall-live-sg/buyerusermobiledefault/681.bcb0968e55a55a20d46d.legacy.js]
[deo.shopeemobile.com/shopee/shopee-mobilemall-live-sg/buyerusermobiledefault/730.8fd52121ea4312f7c9dd.legacy.js]
[deo.shopeemobile.com/shopee/shopee-mobilemall-live-sg/buyerusermobiledefault/456.94f0c22291c505cf031d.js]
[deo.shopeemobile.com/shopee/shopee-mobilemall-live-sg/buyerusermobiledefault/550.9e16b0d1cb88c5912db1.legacy.js]
[deo.shopeemobile.com/shopee/shopee-mobilemall-live-sg/buyerusermobiledefault/861.07b7822d80ead16cc994.js]
[deo.shopeemobile.com/shopee/shopee-mobilemall-live-sg/buyerusermobiledefault/836.0d39447d9e54cdcd5323.legacy.js]
[deo.shopeemobile.com/shopee/shopee-mobilemall-live-sg/buyerusermobiledefault/641.702ace1c6456f3ca3ec9.js]
[deo.shopeemobile.com/shopee/shopee-mobilemall-live-sg/buyerusermobiledefault/217.3c9571ceea67288ff5bb.legacy.js]
[deo.shopeemobile.com/shopee/shopee-mobilemall-live-sg/buyerusermobiledefault/872.26f4230e42b47b8b9ca6.legacy.js]
[deo.shopeemobile.com/shopee/shopee-mobilemall-live-sg/buyerusermobiledefault/877.867fb2ea45975313e666.js]
[deo.shopeemobile.com/shopee/shopee-mobilemall-live-sg/buyerusermobiledefault/872.075247cc89372aebc656.js]
[deo.shopeemobile.com/shopee/shopee-mobilemall-live-sg/buyerusermobiledefault/987.2f75ed595b16d830b32a.legacy.js]
[deo.shopeemobile.com/shopee/shopee-mobilemall-live-sg/buyerusermobiledefault/987.4e00b28414965a4e3a8a.js]
[deo.shopeemobile.com/shopee/modules-federation/live/0/shopee__domain/3.3.2.legacy.js]
[deo.shopeemobile.com/shopee/modules-federation/live/0/shopee_common__time/2.7.0.legacy.js]
[deo.shopeemobile.com/shopee/modules-federation/live/0/shopee__pc-page-configuration-context/0.2.57.legacy.js]
[deo.shopeemobile.com/shopee/modules-federation/live/0/shopee_common__time/2.7.0.js]
[deo.shopeemobile.com/shopee/modules-federation/live/0/shopee__language/3.5.0.js]
[deo.shopeemobile.com/shopee/modules-federation/live/0/shopee__pc-page-configuration-context/0.2.57.js]
[deo.shopeemobile.com/shopee/shopee-mobilemall-live-sg/returndetail/603.ec8d740d173511d7c807.legacy.js]
[deo.shopeemobile.com/shopee/shopee-mobilemall-live-sg/returndetail/926.63d54418be5d16c584a6.legacy.js]
[deo.shopeemobile.com/shopee/shopee-mobilemall-live-sg/returndetail/241.3ea0d78cdc175e3c86c6.js]
[deo.shopeemobile.com/shopee/shopee-mobilemall-live-sg/returndetail/926.8c541bd72f0fe80536a7.js]
[deo.shopeemobile.com/shopee/shopee-mobilemall-live-sg/voucher/16.bae7b3cd782b75bd0545.2017.js]
[deo.shopeemobile.com/shopee/shopee-mobilemall-live-sg/voucher/294.37976c387f47f630e8c0.2017.js]
[deo.shopeemobile.com/shopee/shopee-mobilemall-live-sg/voucher/899.bf4759fb8a5f4d595eb0.2017.js]
[deo.shopeemobile.com/shopee/shopee-mobilemall-live-sg/voucher/704.d6974ddb4fb720a02df3.2017.js]
[deo.shopeemobile.com/shopee/shopee-mobilemall-live-sg/voucher/502.0d24062142a7a0c9938e.2017.js]
[deo.shopeemobile.com/shopee/shopee-mobilemall-live-sg/voucher/675.a8a456695155c80f8740.2017.js]
[deo.shopeemobile.com/shopee/shopee-mobilemall-live-sg/voucher/504.0dbbf3e75bddd1ca58d2.2017.js]
[deo.shopeemobile.com/shopee/shopee-mobilemall-live-sg/voucher/76.57f867a14bdf411a9e75.2017.js]
[deo.shopeemobile.com/shopee/shopee-mobilemall-live-sg/voucher/349.f228e101d320ab399bef.2017.js]
[deo.shopeemobile.com/shopee/shopee-mobilemall-live-sg/voucher/16.93160b03e2e4810adad7.2023.js]
[deo.shopeemobile.com/shopee/shopee-mobilemall-live-sg/voucher/204.4a6109685cb5f39cb199.2023.js]
[deo.shopeemobile.com/shopee/shopee-mobilemall-live-sg/voucher/899.4bdbec3327384e901869.2023.js]
[deo.shopeemobile.com/shopee/shopee-mobilemall-live-sg/voucher/704.3687e8870ebbdadb7de5.2023.js]
[deo.shopeemobile.com/shopee/shopee-mobilemall-live-sg/voucher/502.46fa6485f0782a695cc2.2023.js]
[deo.shopeemobile.com/shopee/shopee-mobilemall-live-sg/voucher/675.07933d663f85f5f842f1.2023.js]
[deo.shopeemobile.com/shopee/shopee-mobilemall-live-sg/voucher/504.966b3555cdec84a8c878.2023.js]
[deo.shopeemobile.com/shopee/shopee-mobilemall-live-sg/voucher/76.0e9b48721a7a052d0019.2023.js]
[deo.shopeemobile.com/shopee/shopee-mobilemall-live-sg/voucher/349.9ff08c84c5b4656514cd.2023.js]
[deo.shopeemobile.com/shopee/shopee-mobilemall-live-sg/account/vendor.ec36bfe565a7a592041a.legacy.js]
[deo.shopeemobile.com/shopee/shopee-mobilemall-live-sg/account/common.e873debda55495618a07.legacy.js]
[deo.shopeemobile.com/shopee/shopee-mobilemall-live-sg/account/vendor.556ea088e5ddfb4a5b2e.js]
[deo.shopeemobile.com/shopee/shopee-mobilemall-live-sg/account/common.c45026ff86e20e3035c0.js]
[deo.shopeemobile.com/shopee/shopee-mobilemall-live-sg/assets/sfu-latest.39cc20c65bb1a256.2017.js]
[deo.shopeemobile.com/shopee/shopee-mobilemall-live-sg/assets/sfu-stable.42d2159703f2d664.2017.js]
[deo.shopeemobile.com/shopee/shopee-mobilemall-live-sg/assets/entry-modules.81724a495ac5ead7.2017.js]
[shopee.com.br/Kit-2-Gummy-Hair-Suplemento-Vitamina-Para-Cabelo-E-Unhas-Em-Goma-i.843263540.html]
[deo.shopeemobile.com/shopee/shopee-mobilemall-live-sg/assets/bundle.6fb9d367df53c7a2.2023.css]
[deo.shopeemobile.com/shopee/shopee-mobilemall-live-sg/assets/a655b2036d411910.png]
[shopee.com.br/index.html]
[shopee.com.br/GET.html]
[www.googletagmanager.com/gtm5445.html]
[deo.shopeemobile.com/shopee/modules-federation/live/0/shopee__cart-panel-context/1.5.0.legacy.js]
[deo.shopeemobile.com/shopee/modules-federation/live/0/shopee__cart-panel-context/1.5.0.js]
[deo.shopeemobile.com/shopee/modules-federation/live/0/shopee__voucher-card/1.68.49.legacy.js]
[deo.shopeemobile.com/shopee/modules-federation/live/0/shopee__voucher-card/1.68.49.js]
[shopee.com.br/2023.html]
[shopee.com.br/2017.html]
