[shopee.com.br/Ar-condicionado-Split-Samsung-Inverter-WindFree-AI-18.000-BTUs-Quente-e-Frio-AR60F18C1AWNAZ-Branco-i.15371424893f2c.html]
[deo.shopeemobile.com/shopee/shopee-mobilemall-live-sg/assets/icon_favicon_1_32.9cd61b2e90c0f104.png]
[deo.shopeemobile.com/shopee/shopee-mobilemall-live-sg/assets/icon_favicon_1_96.1ce0e05fc18a86e5.png]
[deo.shopeemobile.com/shopee/shopee-mobilemall-live-sg/assets/bundle.6fb9d367df53c7a2.2023.css]
[deo.shopeemobile.com/shopee/shopee-mobilemall-live-sg/assets/webpack-runtime.5a04fee6f0356a5a.2023.js]
[deo.shopeemobile.com/shopee/shopee-mobilemall-live-sg/assets/sfu-latest.dc9e406f9914cc09.2023.js]
[deo.shopeemobile.com/shopee/shopee-mobilemall-live-sg/assets/sfu-stable.16e5fe9710bc4aac.2023.js]
[deo.shopeemobile.com/shopee/shopee-mobilemall-live-sg/assets/entry-modules.1a13cd41fc7f8896.2023.js]
[backblue.gif]
[fade.gif]
[index.html]
[deo.shopeemobile.com/shopee/shopee-mobilemall-live-sg/assets/bundle.a2287814a3b6e04c.2023.js]
[shopee.com.br/GET.html]
[shopee.com.br/index.html]
[deo.shopeemobile.com/shopee/shopee-mobilemall-live-sg/assets/polyfill.d86e5ceef3caefa1.js]
[deo.shopeemobile.com/shopee/shopee-mobilemall-live-sg/assets/polyfill.7b130ff53107c239.js]
[deo.shopeemobile.com/shopee/shopee-mobilemall-live-sg/assets/polyfill.6d66a9f4abfc0453.js]
[deo.shopeemobile.com/shopee/shopee-mobilemall-live-sg/assets/polyfill.e91a033830f038f9.js]
[shopee.com.br/mobilemall-assets/assets/manifest.d08c13e4fd1bf1b5ddc5b7933dc779fa.json]
[deo.shopeemobile.com/shopee/shopee-mobilemall-live-sg/assets/ios_icon_120x120.9c9cd4366011639d86dcf03856866b39.png]
[deo.shopeemobile.com/shopee/shopee-mobilemall-live-sg/assets/ios_icon_180x180.350d4cdc7ba40b87541691005bda74c5.png]
[deo.shopeemobile.com/shopee/shopee-mobilemall-live-sg/assets/ios_splash_screen_640x1136.2c5cdee36e5b98ec3f795c6f9df4ffc8.png]
[deo.shopeemobile.com/shopee/shopee-mobilemall-live-sg/assets/ios_splash_screen_750x1334.f44e615f797f93e5634bc97d3961fd39.png]
[deo.shopeemobile.com/shopee/shopee-mobilemall-live-sg/assets/ios_splash_screen_1242x2208.f5dea1724656a489b28cf2b7369c6e89.png]
[deo.shopeemobile.com/shopee/shopee-mobilemall-live-sg/assets/ios_splash_screen_1125x2436.45aaf8f75c311170c80a8371bce20b86.png]
[deo.shopeemobile.com/shopee/shopee-mobilemall-live-sg/assets/ios_splash_screen_828x1792.b99baee59858233c9c96650b85a837a1.png]
[deo.shopeemobile.com/shopee/shopee-mobilemall-live-sg/assets/ios_splash_screen_1242x2688.3f0f9d4dcc66b0ef22fabd190b7b9347.png]
[deo.shopeemobile.com/shopee/shopee-mobilemall-live-sg/assets/ios_splash_screen_1080x2340.7f2707911dd441d0bc423e07da537b8c.png]
[deo.shopeemobile.com/shopee/shopee-mobilemall-live-sg/assets/ios_splash_screen_1170x2532.b1d301020489bed1fa6429238f52eb32.png]
[deo.shopeemobile.com/shopee/shopee-mobilemall-live-sg/assets/ios_splash_screen_1284x2778.8326886f1662ccbc99a3f6e25a545af8.png]
[deo.shopeemobile.com/shopee/modules-federation/live/0/shopee_common__currency/4.5.1.legacy.js]
[deo.shopeemobile.com/shopee/modules-federation/live/0/shopee__language/3.5.0.legacy.js]
[deo.shopeemobile.com/shopee/modules-federation/live/0/shopee__settings/3.4.0.legacy.js]
[deo.shopeemobile.com/shopee/modules-federation/live/0/shopee_common__currency/4.5.1.js]
[deo.shopeemobile.com/shopee/modules-federation/live/0/shopee__settings/3.4.0.js]
[deo.shopeemobile.com/shopee/modules-federation/live/0/shopee__domain/3.3.2.js]
[deo.shopeemobile.com/shopee/shopee-mobilemall-live-sg/antifraudivs/407.84d78b62afc6682d54f2.legacy.js]
[deo.shopeemobile.com/shopee/shopee-mobilemall-live-sg/antifraudivs/787.c2cf4b17538545c99176.legacy.js]
[deo.shopeemobile.com/shopee/shopee-mobilemall-live-sg/antifraudivs/718.bf37ff78f1378a673a63.legacy.js]
[deo.shopeemobile.com/shopee/shopee-mobilemall-live-sg/antifraudivs/226.31814b97e2754e5b3569.legacy.js]
[deo.shopeemobile.com/shopee/shopee-mobilemall-live-sg/antifraudivs/524.0e4747e736efd76de32d.legacy.js]
[deo.shopeemobile.com/shopee/shopee-mobilemall-live-sg/antifraudivs/741.6f38435c06fcde92c006.legacy.js]
[deo.shopeemobile.com/shopee/shopee-mobilemall-live-sg/antifraudivs/602.d6636e4932ad0869aa61.legacy.js]
[deo.shopeemobile.com/shopee/shopee-mobilemall-live-sg/antifraudivs/774.db23e3f3661b9b51475e.legacy.js]
[deo.shopeemobile.com/shopee/shopee-mobilemall-live-sg/antifraudivs/58.c2ddaa8e8242825bd94f.legacy.js]
[deo.shopeemobile.com/shopee/shopee-mobilemall-live-sg/antifraudivs/874.167f25ace791808ccd22.js]
[deo.shopeemobile.com/shopee/shopee-mobilemall-live-sg/antifraudivs/787.1943aefec9e38ca12310.js]
[deo.shopeemobile.com/shopee/shopee-mobilemall-live-sg/antifraudivs/718.a038a78303a81a16889c.js]
[deo.shopeemobile.com/shopee/shopee-mobilemall-live-sg/antifraudivs/226.37b33827c47717031d2c.js]
[deo.shopeemobile.com/shopee/shopee-mobilemall-live-sg/antifraudivs/524.823d07ca405eb67f7e0f.js]
[deo.shopeemobile.com/shopee/shopee-mobilemall-live-sg/antifraudivs/741.98f7b42e62112253d598.js]
[deo.shopeemobile.com/shopee/shopee-mobilemall-live-sg/antifraudivs/602.46086b102b2326a3fa90.js]
[deo.shopeemobile.com/shopee/shopee-mobilemall-live-sg/antifraudivs/774.5805a399ed212416589c.js]
[deo.shopeemobile.com/shopee/shopee-mobilemall-live-sg/antifraudivs/58.d64a308944f42a84789b.js]
[deo.shopeemobile.com/shopee/shopee-mobilemall-live-sg/antifraudivs/530.07bbc25fa6bdc0de3712.legacy.js]
[deo.shopeemobile.com/shopee/shopee-mobilemall-live-sg/antifraudivs/361.18a4aa2c675849bbc142.legacy.js]
[deo.shopeemobile.com/shopee/shopee-mobilemall-live-sg/antifraudivs/52.7a1bf148b40c0a917fae.js]
[deo.shopeemobile.com/shopee/shopee-mobilemall-live-sg/antifraudivs/361.c07ac5c6d546092f12a7.js]
[deo.shopeemobile.com/shopee/shopee-mobilemall-live-sg/antifraudivs/280.80a3722a06800728f9be.legacy.js]
[deo.shopeemobile.com/shopee/shopee-mobilemall-live-sg/antifraudivs/571.2fc36af4b345c433f243.legacy.js]
[deo.shopeemobile.com/shopee/shopee-mobilemall-live-sg/antifraudivs/706.77317caab24fa30e684b.legacy.js]
[deo.shopeemobile.com/shopee/shopee-mobilemall-live-sg/antifraudivs/280.5af460ccd161fb4c6b54.js]
[deo.shopeemobile.com/shopee/shopee-mobilemall-live-sg/antifraudivs/206.b202a98d808e5273ebbd.js]
[deo.shopeemobile.com/shopee/shopee-mobilemall-live-sg/buyernotimobiledefault/84.543ac38fddb8300ec512.legacy.js]
[deo.shopeemobile.com/shopee/shopee-mobilemall-live-sg/buyernotimobiledefault/329.afbd8c8d426fe78ef898.legacy.js]
[deo.shopeemobile.com/shopee/shopee-mobilemall-live-sg/buyernotimobiledefault/800.eb9324eb963863c7c8c6.legacy.js]
[deo.shopeemobile.com/shopee/shopee-mobilemall-live-sg/buyernotimobiledefault/971.7134d9fe988a4512b01f.js]
[shopee.com.br/Ar-condicionado-Split-Samsung-Inverter-WindFree-AI-18.000-BTUs-Quente-e-Frio-AR60F18C1AWNAZ-Branco-i.15371424893f2c.html]
[deo.shopeemobile.com/shopee/shopee-mobilemall-live-sg/assets/a655b2036d411910.png]
[deo.shopeemobile.com/shopee/shopee-mobilemall-live-sg/assets/bundle.6fb9d367df53c7a2.2023.css]
[deo.shopeemobile.com/shopee/shopee-mobilemall-live-sg/buyernotimobiledefault/329.1741505469acf59920b8.js]
[deo.shopeemobile.com/shopee/shopee-mobilemall-live-sg/buyerusermobiledefault/299.87d29e68d986f3dd5572.legacy.js]
[deo.shopeemobile.com/shopee/shopee-mobilemall-live-sg/buyerusermobiledefault/975.68f9b9105d1ad062e721.legacy.js]
